MAP
PROJECTION
   "init=epsg:4326"
END
WEB
  METADATA
    "wms_title" "Top 25"
    "wms_onlineresource" "https://mapserver.v7f.eu/mapserver/?map=top25.map"
    "wms_enable_request" "*"
    "wms_srs" "EPSG:4326"
    "wms_feature_info_mime_type" "text/html"
    #"wms_format" "image/png"
    "wms_format" "image/jpeg"
  END
END
  #IMAGETYPE      PNG24
  EXTENT 0 45 10 55

  SIZE           800 600

OUTPUTFORMAT
  NAME "jpeg"
  DRIVER AGG/JPEG
  MIMETYPE "image/jpeg"
  IMAGEMODE RGB
  EXTENSION "jpg"
  FORMATOPTION "GAMMA=0.75"
  FORMATOPTION "QUALITY=80"
END

  LAYER
    PROJECTION
      "init=epsg:28992"
    END
    MAXSCALEDENOM 200000
    NAME         top25
    STATUS       ON
    TYPE         RASTER
    TILEINDEX	"top25.shp"
    TILEITEM	"Location"
    PROCESSING  "RESAMPLE=AVERAGE"
    #PROCESSING  "RESAMPLE=BILINEAR"
  END

  LAYER
    PROJECTION
      "init=epsg:28992"
    END
    MINSCALEDENOM 200000
    NAME         top25-32
    STATUS       ON
    TYPE         RASTER
    DATA         "top25-32.tif"
    PROCESSING  "RESAMPLE=AVERAGE"
  END

END
